nohup: failed to run command '/root/clash/clash': No such file or directory

Namespace(device='cuda', model_type='frwkv_crossbranchphasegate_adaptive', data_path='ILI.csv', channel=32, num_nodes=7, seq_len=36, pred_len=24, batch_size=16, learning_rate=0.0001, dropout_n=0.2, dropout=0.2, d_llm=768, d_model=512, d_ff=512, e_layer=1, d_layer=1, head=8, n_heads=8, e_layers=2, temp_patch_len=12, temp_stride=6, embed_size=8, phase_period_len=6, phase_period_list='12,24,48', phase_num_routers=2, phase_alpha_init=0.02, phase_trust_bias_init=-3.0, activation='gelu', CKA_flag=0, weight_decay=0.001, loss_mode='L1', lossfun_alpha=0.5, num_workers=10, train_percent=100, gpu_devices='', model_name='gpt2', epochs=90, seed=2032, es_patience=15, save='./logs/2026-04-09-22:51:35-', model_tag='phasegate_hard_stage2_ili_pl24_pp6_r2_a0.02_b-3.0_seed2032', embed_version='original', use_embeddings=False, save_model=False)
Start training...
Epoch: 001, Training Time: 3.9509 secs
Epoch: 001, Validation Time: 0.4425 secs
-----------------------
Epoch: 001, Train Loss: 0.2076, Train MAE: 0.6169 
Epoch: 001, Valid Loss: 0.1541, Valid MAE: 0.4696
###Update tasks appear###
Updating! Valid Loss:0.1541, epoch:  1
Epoch: 002, Training Time: 3.2253 secs
Epoch: 002, Validation Time: 0.3504 secs
-----------------------
Epoch: 002, Train Loss: 0.1650, Train MAE: 0.4944 
Epoch: 002, Valid Loss: 0.1258, Valid MAE: 0.3944
###Update tasks appear###
Updating! Valid Loss:0.1258, epoch:  2
Epoch: 003, Training Time: 3.2010 secs
Epoch: 003, Validation Time: 0.4302 secs
-----------------------
Epoch: 003, Train Loss: 0.1508, Train MAE: 0.4569 
Epoch: 003, Valid Loss: 0.1141, Valid MAE: 0.3576
###Update tasks appear###
Updating! Valid Loss:0.1141, epoch:  3
Epoch: 004, Training Time: 3.2729 secs
Epoch: 004, Validation Time: 0.4202 secs
-----------------------
Epoch: 004, Train Loss: 0.1477, Train MAE: 0.4506 
Epoch: 004, Valid Loss: 0.1082, Valid MAE: 0.3438
###Update tasks appear###
Updating! Valid Loss:0.1082, epoch:  4
Epoch: 005, Training Time: 3.1720 secs
Epoch: 005, Validation Time: 0.4306 secs
-----------------------
Epoch: 005, Train Loss: 0.1443, Train MAE: 0.4392 
Epoch: 005, Valid Loss: 0.1071, Valid MAE: 0.3357
###Update tasks appear###
Updating! Valid Loss:0.1071, epoch:  5
Epoch: 006, Training Time: 3.1475 secs
Epoch: 006, Validation Time: 0.3823 secs
-----------------------
Epoch: 006, Train Loss: 0.1393, Train MAE: 0.4255 
Epoch: 006, Valid Loss: 0.1017, Valid MAE: 0.3175
###Update tasks appear###
Updating! Valid Loss:0.1017, epoch:  6
Epoch: 007, Training Time: 3.1001 secs
Epoch: 007, Validation Time: 0.4565 secs
-----------------------
Epoch: 007, Train Loss: 0.1376, Train MAE: 0.4222 
Epoch: 007, Valid Loss: 0.0983, Valid MAE: 0.3050
###Update tasks appear###
Updating! Valid Loss:0.0983, epoch:  7
Epoch: 008, Training Time: 3.5341 secs
Epoch: 008, Validation Time: 0.4543 secs
-----------------------
Epoch: 008, Train Loss: 0.1370, Train MAE: 0.4199 
Epoch: 008, Valid Loss: 0.0932, Valid MAE: 0.2968
###Update tasks appear###
Updating! Valid Loss:0.0932, epoch:  8
Epoch: 009, Training Time: 3.3747 secs
Epoch: 009, Validation Time: 0.3624 secs
-----------------------
Epoch: 009, Train Loss: 0.1328, Train MAE: 0.4072 
Epoch: 009, Valid Loss: 0.0919, Valid MAE: 0.2935
###Update tasks appear###
Updating! Valid Loss:0.0919, epoch:  9
Epoch: 010, Training Time: 3.2709 secs
Epoch: 010, Validation Time: 0.3833 secs
-----------------------
Epoch: 010, Train Loss: 0.1337, Train MAE: 0.4116 
Epoch: 010, Valid Loss: 0.0973, Valid MAE: 0.3055
No update
Epoch: 011, Training Time: 3.3110 secs
Epoch: 011, Validation Time: 0.3496 secs
-----------------------
Epoch: 011, Train Loss: 0.1329, Train MAE: 0.4079 
Epoch: 011, Valid Loss: 0.0921, Valid MAE: 0.2948
No update
Epoch: 012, Training Time: 3.3132 secs
Epoch: 012, Validation Time: 0.4195 secs
-----------------------
Epoch: 012, Train Loss: 0.1292, Train MAE: 0.3971 
Epoch: 012, Valid Loss: 0.1031, Valid MAE: 0.3197
No update
Epoch: 013, Training Time: 3.3006 secs
Epoch: 013, Validation Time: 0.4220 secs
-----------------------
Epoch: 013, Train Loss: 0.1262, Train MAE: 0.3896 
Epoch: 013, Valid Loss: 0.0957, Valid MAE: 0.3012
No update
Epoch: 014, Training Time: 3.2068 secs
Epoch: 014, Validation Time: 0.4325 secs
-----------------------
Epoch: 014, Train Loss: 0.1253, Train MAE: 0.3877 
Epoch: 014, Valid Loss: 0.0958, Valid MAE: 0.3035
No update
Epoch: 015, Training Time: 3.0991 secs
Epoch: 015, Validation Time: 0.3883 secs
-----------------------
Epoch: 015, Train Loss: 0.1247, Train MAE: 0.3858 
Epoch: 015, Valid Loss: 0.0975, Valid MAE: 0.3032
No update
Epoch: 016, Training Time: 3.0668 secs
Epoch: 016, Validation Time: 0.3600 secs
-----------------------
Epoch: 016, Train Loss: 0.1242, Train MAE: 0.3832 
Epoch: 016, Valid Loss: 0.0931, Valid MAE: 0.2895
No update
Epoch: 017, Training Time: 3.5346 secs
Epoch: 017, Validation Time: 0.4429 secs
-----------------------
Epoch: 017, Train Loss: 0.1222, Train MAE: 0.3778 
Epoch: 017, Valid Loss: 0.1033, Valid MAE: 0.3156
No update
Epoch: 018, Training Time: 3.4259 secs
Epoch: 018, Validation Time: 0.3927 secs
-----------------------
Epoch: 018, Train Loss: 0.1217, Train MAE: 0.3758 
Epoch: 018, Valid Loss: 0.0975, Valid MAE: 0.3018
No update
Epoch: 019, Training Time: 3.3457 secs
Epoch: 019, Validation Time: 0.3809 secs
-----------------------
Epoch: 019, Train Loss: 0.1207, Train MAE: 0.3734 
Epoch: 019, Valid Loss: 0.0880, Valid MAE: 0.2833
###Update tasks appear###
On average horizons, Test MSE: 1.7571, Test MAE: 0.8075
Test low! Updating! Test Loss: 1.7571, Test low! Updating! Valid Loss: 0.0880, epoch:  19
Epoch: 020, Training Time: 3.2593 secs
Epoch: 020, Validation Time: 0.3984 secs
-----------------------
Epoch: 020, Train Loss: 0.1202, Train MAE: 0.3706 
Epoch: 020, Valid Loss: 0.0887, Valid MAE: 0.2815
No update
Epoch: 021, Training Time: 3.3167 secs
Epoch: 021, Validation Time: 0.3431 secs
-----------------------
Epoch: 021, Train Loss: 0.1187, Train MAE: 0.3688 
Epoch: 021, Valid Loss: 0.0917, Valid MAE: 0.2856
No update
Epoch: 022, Training Time: 3.1088 secs
Epoch: 022, Validation Time: 0.4132 secs
-----------------------
Epoch: 022, Train Loss: 0.1163, Train MAE: 0.3606 
Epoch: 022, Valid Loss: 0.0920, Valid MAE: 0.2880
No update
Epoch: 023, Training Time: 3.0994 secs
Epoch: 023, Validation Time: 0.4148 secs
-----------------------
Epoch: 023, Train Loss: 0.1155, Train MAE: 0.3584 
Epoch: 023, Valid Loss: 0.0927, Valid MAE: 0.2922
No update
Epoch: 024, Training Time: 3.2384 secs
Epoch: 024, Validation Time: 0.4175 secs
-----------------------
Epoch: 024, Train Loss: 0.1150, Train MAE: 0.3564 
Epoch: 024, Valid Loss: 0.0934, Valid MAE: 0.2955
No update
Epoch: 025, Training Time: 3.0655 secs
Epoch: 025, Validation Time: 0.3917 secs
-----------------------
Epoch: 025, Train Loss: 0.1146, Train MAE: 0.3556 
Epoch: 025, Valid Loss: 0.0986, Valid MAE: 0.3053
No update
Epoch: 026, Training Time: 3.4496 secs
Epoch: 026, Validation Time: 0.4567 secs
-----------------------
Epoch: 026, Train Loss: 0.1112, Train MAE: 0.3449 
Epoch: 026, Valid Loss: 0.0975, Valid MAE: 0.3036
No update
Epoch: 027, Training Time: 3.2563 secs
Epoch: 027, Validation Time: 0.4512 secs
-----------------------
Epoch: 027, Train Loss: 0.1098, Train MAE: 0.3423 
Epoch: 027, Valid Loss: 0.0894, Valid MAE: 0.2829
No update
Epoch: 028, Training Time: 3.2537 secs
Epoch: 028, Validation Time: 0.4289 secs
-----------------------
Epoch: 028, Train Loss: 0.1106, Train MAE: 0.3427 
Epoch: 028, Valid Loss: 0.0914, Valid MAE: 0.2851
No update
Epoch: 029, Training Time: 3.1152 secs
Epoch: 029, Validation Time: 0.3796 secs
-----------------------
Epoch: 029, Train Loss: 0.1078, Train MAE: 0.3356 
Epoch: 029, Valid Loss: 0.0893, Valid MAE: 0.2825
No update
Epoch: 030, Training Time: 3.0582 secs
Epoch: 030, Validation Time: 0.4227 secs
-----------------------
Epoch: 030, Train Loss: 0.1086, Train MAE: 0.3369 
Epoch: 030, Valid Loss: 0.0889, Valid MAE: 0.2776
No update
Epoch: 031, Training Time: 3.2180 secs
Epoch: 031, Validation Time: 0.4324 secs
-----------------------
Epoch: 031, Train Loss: 0.1063, Train MAE: 0.3315 
Epoch: 031, Valid Loss: 0.0901, Valid MAE: 0.2839
No update
Epoch: 032, Training Time: 3.2425 secs
Epoch: 032, Validation Time: 0.4154 secs
-----------------------
Epoch: 032, Train Loss: 0.1059, Train MAE: 0.3286 
Epoch: 032, Valid Loss: 0.0959, Valid MAE: 0.2990
No update
Epoch: 033, Training Time: 3.0951 secs
Epoch: 033, Validation Time: 0.4071 secs
-----------------------
Epoch: 033, Train Loss: 0.1040, Train MAE: 0.3234 
Epoch: 033, Valid Loss: 0.0894, Valid MAE: 0.2825
No update
Epoch: 034, Training Time: 3.0106 secs
Epoch: 034, Validation Time: 0.4388 secs
-----------------------
Epoch: 034, Train Loss: 0.1029, Train MAE: 0.3203 
Epoch: 034, Valid Loss: 0.0913, Valid MAE: 0.2892
No update
Epoch: 035, Training Time: 3.3504 secs
Epoch: 035, Validation Time: 0.3876 secs
-----------------------
Epoch: 035, Train Loss: 0.1022, Train MAE: 0.3184 
Epoch: 035, Valid Loss: 0.0893, Valid MAE: 0.2808
No update
Epoch: 036, Training Time: 3.2800 secs
Epoch: 036, Validation Time: 0.4047 secs
-----------------------
Epoch: 036, Train Loss: 0.1022, Train MAE: 0.3178 
Epoch: 036, Valid Loss: 0.0887, Valid MAE: 0.2810
No update
Epoch: 037, Training Time: 3.1765 secs
Epoch: 037, Validation Time: 0.3747 secs
-----------------------
Epoch: 037, Train Loss: 0.1011, Train MAE: 0.3151 
Epoch: 037, Valid Loss: 0.0875, Valid MAE: 0.2779
###Update tasks appear###
On average horizons, Test MSE: 1.4319, Test MAE: 0.7213
Test low! Updating! Test Loss: 1.4319, Test low! Updating! Valid Loss: 0.0875, epoch:  37
Epoch: 038, Training Time: 3.2161 secs
Epoch: 038, Validation Time: 0.4428 secs
-----------------------
Epoch: 038, Train Loss: 0.0993, Train MAE: 0.3096 
Epoch: 038, Valid Loss: 0.0948, Valid MAE: 0.3005
No update
Epoch: 039, Training Time: 3.3106 secs
Epoch: 039, Validation Time: 0.4182 secs
-----------------------
Epoch: 039, Train Loss: 0.1001, Train MAE: 0.3118 
Epoch: 039, Valid Loss: 0.0924, Valid MAE: 0.2918
No update
Epoch: 040, Training Time: 3.3268 secs
Epoch: 040, Validation Time: 0.3800 secs
-----------------------
Epoch: 040, Train Loss: 0.0991, Train MAE: 0.3085 
Epoch: 040, Valid Loss: 0.0906, Valid MAE: 0.2856
No update
Epoch: 041, Training Time: 3.0227 secs
Epoch: 041, Validation Time: 0.4056 secs
-----------------------
Epoch: 041, Train Loss: 0.0980, Train MAE: 0.3047 
Epoch: 041, Valid Loss: 0.0901, Valid MAE: 0.2846
No update
Epoch: 042, Training Time: 3.1041 secs
Epoch: 042, Validation Time: 0.3878 secs
-----------------------
Epoch: 042, Train Loss: 0.0981, Train MAE: 0.3052 
Epoch: 042, Valid Loss: 0.0902, Valid MAE: 0.2865
No update
Epoch: 043, Training Time: 3.2699 secs
Epoch: 043, Validation Time: 0.4519 secs
-----------------------
Epoch: 043, Train Loss: 0.0967, Train MAE: 0.3021 
Epoch: 043, Valid Loss: 0.0882, Valid MAE: 0.2797
No update
Epoch: 044, Training Time: 3.1148 secs
Epoch: 044, Validation Time: 0.4230 secs
-----------------------
Epoch: 044, Train Loss: 0.0974, Train MAE: 0.3034 
Epoch: 044, Valid Loss: 0.0884, Valid MAE: 0.2807
No update
Epoch: 045, Training Time: 3.1022 secs
Epoch: 045, Validation Time: 0.5571 secs
-----------------------
Epoch: 045, Train Loss: 0.0964, Train MAE: 0.3013 
Epoch: 045, Valid Loss: 0.0903, Valid MAE: 0.2863
No update
Epoch: 046, Training Time: 3.2933 secs
Epoch: 046, Validation Time: 0.4057 secs
-----------------------
Epoch: 046, Train Loss: 0.0963, Train MAE: 0.3002 
Epoch: 046, Valid Loss: 0.0903, Valid MAE: 0.2865
No update
Epoch: 047, Training Time: 3.3008 secs
Epoch: 047, Validation Time: 0.3927 secs
-----------------------
Epoch: 047, Train Loss: 0.0961, Train MAE: 0.3004 
Epoch: 047, Valid Loss: 0.0907, Valid MAE: 0.2875
No update
Epoch: 048, Training Time: 3.0518 secs
Epoch: 048, Validation Time: 0.4409 secs
-----------------------
Epoch: 048, Train Loss: 0.0961, Train MAE: 0.2996 
Epoch: 048, Valid Loss: 0.0903, Valid MAE: 0.2868
No update
Epoch: 049, Training Time: 3.0477 secs
Epoch: 049, Validation Time: 0.4220 secs
-----------------------
Epoch: 049, Train Loss: 0.0962, Train MAE: 0.3008 
Epoch: 049, Valid Loss: 0.0898, Valid MAE: 0.2852
No update
Epoch: 050, Training Time: 3.0701 secs
Epoch: 050, Validation Time: 0.3791 secs
-----------------------
Epoch: 050, Train Loss: 0.0963, Train MAE: 0.3006 
Epoch: 050, Valid Loss: 0.0902, Valid MAE: 0.2862
No update
Epoch: 051, Training Time: 2.9877 secs
Epoch: 051, Validation Time: 0.3664 secs
-----------------------
Epoch: 051, Train Loss: 0.0961, Train MAE: 0.2991 
Epoch: 051, Valid Loss: 0.0908, Valid MAE: 0.2878
No update
Epoch: 052, Training Time: 3.0186 secs
Epoch: 052, Validation Time: 0.5068 secs
-----------------------
Epoch: 052, Train Loss: 0.0956, Train MAE: 0.2982 
Epoch: 052, Valid Loss: 0.0902, Valid MAE: 0.2860
No update
Average Training Time: 3.2247 secs/epoch
Average Validation Time: 0.4127 secs
Training ends
The epoch of the best result： 37
The valid loss of the best model 0.0875
On average horizons, Test MSE: 1.4319, Test MAE: 0.7213

============================================================
实验结果已记录到: ./experiment_results.log
数据集: ILI.csv, 预测长度: 24
Test MSE: 1.431946, Test MAE: 0.721287
模型: frwkv_crossbranchphasegate_adaptive, 种子: 2032
Channel: 32, Embed: none, LR: 0.0001
============================================================

Total time spent: 194.1851
[W409 22:54:50.367397282 AllocatorConfig.cpp:28] Warning: PYTORCH_CUDA_ALLOC_CONF is deprecated, use PYTORCH_ALLOC_CONF instead (function operator())
