nohup: failed to run command '/root/clash/clash': No such file or directory

Namespace(device='cuda', model_type='frwkv_crossbranchphasegate_adaptive', data_path='ILI.csv', channel=32, num_nodes=7, seq_len=36, pred_len=48, batch_size=32, learning_rate=0.0001, dropout_n=0.2, dropout=0.2, d_llm=768, d_model=512, d_ff=512, e_layer=1, d_layer=1, head=8, n_heads=8, e_layers=2, temp_patch_len=16, temp_stride=8, embed_size=8, phase_period_len=12, phase_period_list='12,24,48', phase_num_routers=4, phase_alpha_init=0.05, phase_trust_bias_init=-2.5, activation='gelu', CKA_flag=0, weight_decay=0.001, loss_mode='L1', lossfun_alpha=0.5, num_workers=10, train_percent=100, gpu_devices='', model_name='gpt2', epochs=80, seed=2025, es_patience=12, save='./logs/2026-04-09-16:36:45-', model_tag='phasegate_hard_ili_pl48_pp12_r4_a0.05_b-2.5_seed2025', embed_version='original', use_embeddings=False, save_model=False)
Start training...
Epoch: 001, Training Time: 3.0749 secs
Epoch: 001, Validation Time: 0.2832 secs
-----------------------
Epoch: 001, Train Loss: 0.1605, Train MAE: 0.6146 
Epoch: 001, Valid Loss: 0.1096, Valid MAE: 0.4275
###Update tasks appear###
Updating! Valid Loss:0.1096, epoch:  1
Epoch: 002, Training Time: 2.3802 secs
Epoch: 002, Validation Time: 0.3515 secs
-----------------------
Epoch: 002, Train Loss: 0.1332, Train MAE: 0.5263 
Epoch: 002, Valid Loss: 0.0872, Valid MAE: 0.3403
###Update tasks appear###
Updating! Valid Loss:0.0872, epoch:  2
Epoch: 003, Training Time: 1.7754 secs
Epoch: 003, Validation Time: 0.4101 secs
-----------------------
Epoch: 003, Train Loss: 0.1231, Train MAE: 0.4935 
Epoch: 003, Valid Loss: 0.0788, Valid MAE: 0.3142
###Update tasks appear###
Updating! Valid Loss:0.0788, epoch:  3
Epoch: 004, Training Time: 2.0425 secs
Epoch: 004, Validation Time: 0.3468 secs
-----------------------
Epoch: 004, Train Loss: 0.1173, Train MAE: 0.4743 
Epoch: 004, Valid Loss: 0.0802, Valid MAE: 0.3096
No update
Epoch: 005, Training Time: 2.1348 secs
Epoch: 005, Validation Time: 0.3719 secs
-----------------------
Epoch: 005, Train Loss: 0.1138, Train MAE: 0.4580 
Epoch: 005, Valid Loss: 0.0736, Valid MAE: 0.2866
###Update tasks appear###
Updating! Valid Loss:0.0736, epoch:  5
Epoch: 006, Training Time: 2.0635 secs
Epoch: 006, Validation Time: 0.2822 secs
-----------------------
Epoch: 006, Train Loss: 0.1105, Train MAE: 0.4491 
Epoch: 006, Valid Loss: 0.0716, Valid MAE: 0.2827
###Update tasks appear###
Updating! Valid Loss:0.0716, epoch:  6
Epoch: 007, Training Time: 1.8778 secs
Epoch: 007, Validation Time: 0.2978 secs
-----------------------
Epoch: 007, Train Loss: 0.1091, Train MAE: 0.4440 
Epoch: 007, Valid Loss: 0.0761, Valid MAE: 0.2957
No update
Epoch: 008, Training Time: 2.0534 secs
Epoch: 008, Validation Time: 0.3572 secs
-----------------------
Epoch: 008, Train Loss: 0.1081, Train MAE: 0.4394 
Epoch: 008, Valid Loss: 0.0709, Valid MAE: 0.2780
###Update tasks appear###
Updating! Valid Loss:0.0709, epoch:  8
Epoch: 009, Training Time: 1.8536 secs
Epoch: 009, Validation Time: 0.3570 secs
-----------------------
Epoch: 009, Train Loss: 0.1054, Train MAE: 0.4266 
Epoch: 009, Valid Loss: 0.0669, Valid MAE: 0.2587
###Update tasks appear###
Updating! Valid Loss:0.0669, epoch:  9
Epoch: 010, Training Time: 1.9654 secs
Epoch: 010, Validation Time: 0.3495 secs
-----------------------
Epoch: 010, Train Loss: 0.1035, Train MAE: 0.4219 
Epoch: 010, Valid Loss: 0.0680, Valid MAE: 0.2626
No update
Epoch: 011, Training Time: 2.0751 secs
Epoch: 011, Validation Time: 0.4188 secs
-----------------------
Epoch: 011, Train Loss: 0.1018, Train MAE: 0.4153 
Epoch: 011, Valid Loss: 0.0660, Valid MAE: 0.2560
###Update tasks appear###
On average horizons, Test MSE: 1.8039, Test MAE: 0.8066
Test low! Updating! Test Loss: 1.8039, Test low! Updating! Valid Loss: 0.0660, epoch:  11
Epoch: 012, Training Time: 1.8924 secs
Epoch: 012, Validation Time: 0.3328 secs
-----------------------
Epoch: 012, Train Loss: 0.1009, Train MAE: 0.4132 
Epoch: 012, Valid Loss: 0.0651, Valid MAE: 0.2545
###Update tasks appear###
On average horizons, Test MSE: 1.8295, Test MAE: 0.8196
No update
Epoch: 013, Training Time: 1.8476 secs
Epoch: 013, Validation Time: 0.3831 secs
-----------------------
Epoch: 013, Train Loss: 0.1006, Train MAE: 0.4097 
Epoch: 013, Valid Loss: 0.0689, Valid MAE: 0.2636
No update
Epoch: 014, Training Time: 1.8041 secs
Epoch: 014, Validation Time: 0.3997 secs
-----------------------
Epoch: 014, Train Loss: 0.1002, Train MAE: 0.4079 
Epoch: 014, Valid Loss: 0.0646, Valid MAE: 0.2538
###Update tasks appear###
On average horizons, Test MSE: 1.8230, Test MAE: 0.8171
No update
Epoch: 015, Training Time: 2.2452 secs
Epoch: 015, Validation Time: 0.3488 secs
-----------------------
Epoch: 015, Train Loss: 0.0987, Train MAE: 0.4037 
Epoch: 015, Valid Loss: 0.0673, Valid MAE: 0.2531
No update
Epoch: 016, Training Time: 2.1403 secs
Epoch: 016, Validation Time: 0.3554 secs
-----------------------
Epoch: 016, Train Loss: 0.0985, Train MAE: 0.4030 
Epoch: 016, Valid Loss: 0.0672, Valid MAE: 0.2586
No update
Epoch: 017, Training Time: 1.9234 secs
Epoch: 017, Validation Time: 0.3278 secs
-----------------------
Epoch: 017, Train Loss: 0.0981, Train MAE: 0.4007 
Epoch: 017, Valid Loss: 0.0671, Valid MAE: 0.2604
No update
Epoch: 018, Training Time: 2.1151 secs
Epoch: 018, Validation Time: 0.3205 secs
-----------------------
Epoch: 018, Train Loss: 0.0983, Train MAE: 0.4011 
Epoch: 018, Valid Loss: 0.0688, Valid MAE: 0.2644
No update
Epoch: 019, Training Time: 2.1593 secs
Epoch: 019, Validation Time: 0.3595 secs
-----------------------
Epoch: 019, Train Loss: 0.0975, Train MAE: 0.3983 
Epoch: 019, Valid Loss: 0.0640, Valid MAE: 0.2491
###Update tasks appear###
On average horizons, Test MSE: 1.6747, Test MAE: 0.7825
Test low! Updating! Test Loss: 1.6747, Test low! Updating! Valid Loss: 0.0640, epoch:  19
Epoch: 020, Training Time: 2.1351 secs
Epoch: 020, Validation Time: 0.2918 secs
-----------------------
Epoch: 020, Train Loss: 0.0952, Train MAE: 0.3907 
Epoch: 020, Valid Loss: 0.0627, Valid MAE: 0.2470
###Update tasks appear###
On average horizons, Test MSE: 1.6048, Test MAE: 0.7611
Test low! Updating! Test Loss: 1.6048, Test low! Updating! Valid Loss: 0.0627, epoch:  20
Epoch: 021, Training Time: 2.1174 secs
Epoch: 021, Validation Time: 0.2983 secs
-----------------------
Epoch: 021, Train Loss: 0.0946, Train MAE: 0.3880 
Epoch: 021, Valid Loss: 0.0632, Valid MAE: 0.2450
No update
Epoch: 022, Training Time: 2.1138 secs
Epoch: 022, Validation Time: 0.3500 secs
-----------------------
Epoch: 022, Train Loss: 0.0942, Train MAE: 0.3870 
Epoch: 022, Valid Loss: 0.0658, Valid MAE: 0.2563
No update
Epoch: 023, Training Time: 1.8559 secs
Epoch: 023, Validation Time: 0.3872 secs
-----------------------
Epoch: 023, Train Loss: 0.0926, Train MAE: 0.3798 
Epoch: 023, Valid Loss: 0.0615, Valid MAE: 0.2405
###Update tasks appear###
On average horizons, Test MSE: 1.5459, Test MAE: 0.7480
Test low! Updating! Test Loss: 1.5459, Test low! Updating! Valid Loss: 0.0615, epoch:  23
Epoch: 024, Training Time: 1.6449 secs
Epoch: 024, Validation Time: 0.4650 secs
-----------------------
Epoch: 024, Train Loss: 0.0916, Train MAE: 0.3770 
Epoch: 024, Valid Loss: 0.0647, Valid MAE: 0.2472
No update
Epoch: 025, Training Time: 2.0010 secs
Epoch: 025, Validation Time: 0.4822 secs
-----------------------
Epoch: 025, Train Loss: 0.0908, Train MAE: 0.3740 
Epoch: 025, Valid Loss: 0.0602, Valid MAE: 0.2380
###Update tasks appear###
On average horizons, Test MSE: 1.6342, Test MAE: 0.7771
No update
Epoch: 026, Training Time: 1.9977 secs
Epoch: 026, Validation Time: 0.4307 secs
-----------------------
Epoch: 026, Train Loss: 0.0906, Train MAE: 0.3729 
Epoch: 026, Valid Loss: 0.0605, Valid MAE: 0.2381
###Update tasks appear###
On average horizons, Test MSE: 1.5277, Test MAE: 0.7422
Test low! Updating! Test Loss: 1.5277, Test low! Updating! Valid Loss: 0.0605, epoch:  26
Epoch: 027, Training Time: 1.8259 secs
Epoch: 027, Validation Time: 0.3122 secs
-----------------------
Epoch: 027, Train Loss: 0.0910, Train MAE: 0.3752 
Epoch: 027, Valid Loss: 0.0659, Valid MAE: 0.2507
No update
Epoch: 028, Training Time: 1.7634 secs
Epoch: 028, Validation Time: 0.3427 secs
-----------------------
Epoch: 028, Train Loss: 0.0896, Train MAE: 0.3686 
Epoch: 028, Valid Loss: 0.0620, Valid MAE: 0.2436
No update
Epoch: 029, Training Time: 2.0265 secs
Epoch: 029, Validation Time: 0.3013 secs
-----------------------
Epoch: 029, Train Loss: 0.0901, Train MAE: 0.3706 
Epoch: 029, Valid Loss: 0.0617, Valid MAE: 0.2429
No update
Epoch: 030, Training Time: 1.8701 secs
Epoch: 030, Validation Time: 0.3951 secs
-----------------------
Epoch: 030, Train Loss: 0.0884, Train MAE: 0.3646 
Epoch: 030, Valid Loss: 0.0600, Valid MAE: 0.2350
###Update tasks appear###
On average horizons, Test MSE: 1.5980, Test MAE: 0.7697
No update
Epoch: 031, Training Time: 2.0032 secs
Epoch: 031, Validation Time: 0.3928 secs
-----------------------
Epoch: 031, Train Loss: 0.0882, Train MAE: 0.3644 
Epoch: 031, Valid Loss: 0.0671, Valid MAE: 0.2556
No update
Epoch: 032, Training Time: 1.7222 secs
Epoch: 032, Validation Time: 0.3078 secs
-----------------------
Epoch: 032, Train Loss: 0.0884, Train MAE: 0.3644 
Epoch: 032, Valid Loss: 0.0604, Valid MAE: 0.2389
###Update tasks appear###
On average horizons, Test MSE: 1.5530, Test MAE: 0.7512
No update
Epoch: 033, Training Time: 2.0140 secs
Epoch: 033, Validation Time: 0.3545 secs
-----------------------
Epoch: 033, Train Loss: 0.0871, Train MAE: 0.3607 
Epoch: 033, Valid Loss: 0.0623, Valid MAE: 0.2440
No update
Epoch: 034, Training Time: 1.6502 secs
Epoch: 034, Validation Time: 0.2907 secs
-----------------------
Epoch: 034, Train Loss: 0.0866, Train MAE: 0.3581 
Epoch: 034, Valid Loss: 0.0597, Valid MAE: 0.2375
###Update tasks appear###
On average horizons, Test MSE: 1.6197, Test MAE: 0.7755
No update
Epoch: 035, Training Time: 1.5965 secs
Epoch: 035, Validation Time: 0.3664 secs
-----------------------
Epoch: 035, Train Loss: 0.0869, Train MAE: 0.3593 
Epoch: 035, Valid Loss: 0.0622, Valid MAE: 0.2439
No update
Epoch: 036, Training Time: 1.9920 secs
Epoch: 036, Validation Time: 0.3401 secs
-----------------------
Epoch: 036, Train Loss: 0.0867, Train MAE: 0.3577 
Epoch: 036, Valid Loss: 0.0604, Valid MAE: 0.2375
###Update tasks appear###
On average horizons, Test MSE: 1.4672, Test MAE: 0.7299
Test low! Updating! Test Loss: 1.4672, Test low! Updating! Valid Loss: 0.0604, epoch:  36
Epoch: 037, Training Time: 1.9047 secs
Epoch: 037, Validation Time: 0.3763 secs
-----------------------
Epoch: 037, Train Loss: 0.0860, Train MAE: 0.3554 
Epoch: 037, Valid Loss: 0.0609, Valid MAE: 0.2398
No update
Epoch: 038, Training Time: 1.8355 secs
Epoch: 038, Validation Time: 0.3345 secs
-----------------------
Epoch: 038, Train Loss: 0.0854, Train MAE: 0.3538 
Epoch: 038, Valid Loss: 0.0618, Valid MAE: 0.2423
No update
Epoch: 039, Training Time: 2.0395 secs
Epoch: 039, Validation Time: 0.2790 secs
-----------------------
Epoch: 039, Train Loss: 0.0853, Train MAE: 0.3538 
Epoch: 039, Valid Loss: 0.0603, Valid MAE: 0.2380
###Update tasks appear###
On average horizons, Test MSE: 1.5753, Test MAE: 0.7652
No update
Epoch: 040, Training Time: 1.8528 secs
Epoch: 040, Validation Time: 0.3712 secs
-----------------------
Epoch: 040, Train Loss: 0.0854, Train MAE: 0.3536 
Epoch: 040, Valid Loss: 0.0594, Valid MAE: 0.2349
###Update tasks appear###
On average horizons, Test MSE: 1.5440, Test MAE: 0.7536
No update
Epoch: 041, Training Time: 1.8430 secs
Epoch: 041, Validation Time: 0.4876 secs
-----------------------
Epoch: 041, Train Loss: 0.0850, Train MAE: 0.3526 
Epoch: 041, Valid Loss: 0.0610, Valid MAE: 0.2401
No update
Epoch: 042, Training Time: 2.0399 secs
Epoch: 042, Validation Time: 0.3931 secs
-----------------------
Epoch: 042, Train Loss: 0.0851, Train MAE: 0.3529 
Epoch: 042, Valid Loss: 0.0605, Valid MAE: 0.2377
No update
Epoch: 043, Training Time: 1.8277 secs
Epoch: 043, Validation Time: 0.4006 secs
-----------------------
Epoch: 043, Train Loss: 0.0834, Train MAE: 0.3467 
Epoch: 043, Valid Loss: 0.0614, Valid MAE: 0.2400
No update
Epoch: 044, Training Time: 2.1330 secs
Epoch: 044, Validation Time: 0.3530 secs
-----------------------
Epoch: 044, Train Loss: 0.0841, Train MAE: 0.3491 
Epoch: 044, Valid Loss: 0.0602, Valid MAE: 0.2376
###Update tasks appear###
On average horizons, Test MSE: 1.5108, Test MAE: 0.7472
No update
Epoch: 045, Training Time: 1.9270 secs
Epoch: 045, Validation Time: 0.3821 secs
-----------------------
Epoch: 045, Train Loss: 0.0832, Train MAE: 0.3457 
Epoch: 045, Valid Loss: 0.0609, Valid MAE: 0.2397
No update
Epoch: 046, Training Time: 1.9495 secs
Epoch: 046, Validation Time: 0.3533 secs
-----------------------
Epoch: 046, Train Loss: 0.0836, Train MAE: 0.3472 
Epoch: 046, Valid Loss: 0.0608, Valid MAE: 0.2393
No update
Epoch: 047, Training Time: 1.7474 secs
Epoch: 047, Validation Time: 0.3736 secs
-----------------------
Epoch: 047, Train Loss: 0.0838, Train MAE: 0.3480 
Epoch: 047, Valid Loss: 0.0610, Valid MAE: 0.2395
No update
Epoch: 048, Training Time: 1.4662 secs
Epoch: 048, Validation Time: 0.4378 secs
-----------------------
Epoch: 048, Train Loss: 0.0835, Train MAE: 0.3449 
Epoch: 048, Valid Loss: 0.0606, Valid MAE: 0.2386
No update
Average Training Time: 1.9650 secs/epoch
Average Validation Time: 0.3605 secs
Training ends
The epoch of the best result： 36
The valid loss of the best model 0.0604
On average horizons, Test MSE: 1.4672, Test MAE: 0.7299

============================================================
实验结果已记录到: ./experiment_results.log
数据集: ILI.csv, 预测长度: 48
Test MSE: 1.467154, Test MAE: 0.729867
模型: frwkv_crossbranchphasegate_adaptive, 种子: 2025
Channel: 32, Embed: none, LR: 0.0001
============================================================

Total time spent: 122.8303
[W409 16:38:49.963878077 AllocatorConfig.cpp:28] Warning: PYTORCH_CUDA_ALLOC_CONF is deprecated, use PYTORCH_ALLOC_CONF instead (function operator())
