nohup: failed to run command '/root/clash/clash': No such file or directory
[Info] Runtime config: deterministic=True, allow_tf32=False, cudnn_benchmark=False, mixed_precision=off

Namespace(device='cuda', model_type='frwkv_crossbranchphasegate_adaptive', data_path='Weather.csv', channel=32, num_nodes=21, seq_len=96, pred_len=336, batch_size=32, learning_rate=0.0001, dropout_n=0.2, dropout=0.0, d_llm=768, d_model=512, d_ff=512, e_layer=1, d_layer=1, head=8, n_heads=8, e_layers=3, temp_patch_len=16, temp_stride=8, embed_size=8, phase_period_len=48, phase_period_list='12,24,48', phase_num_routers=8, phase_alpha_init=0.1, phase_trust_bias_init=-2.0, activation='gelu', CKA_flag=0, weight_decay=0.001, loss_mode='L1', lossfun_alpha=0.5, num_workers=4, prefetch_factor=4, train_percent=100, gpu_devices='', model_name='gpt2', epochs=30, seed=2024, es_patience=5, save='./logs/2026-04-11-20:45:58-', model_tag='kbs_adaptive_ms_weather_pl336_seed2024', embed_version='original', use_embeddings=False, save_model=False, speed_mode='strict', mixed_precision='auto', ddp_batch_size_mode='global', sync_batchnorm='auto', ddp_find_unused_parameters='auto', ddp_static_graph='auto', ddp_gradient_as_bucket_view='auto', ddp_bucket_cap_mb=100, allow_tf32='auto', cudnn_benchmark='auto', deterministic_train='auto', torch_compile=False, torch_compile_mode='default', torch_compile_backend='inductor', torch_compile_fullgraph=False)
Start training...
Epoch: 001, Training Time: 191.7156 secs
Epoch: 001, Validation Time: 6.3008 secs
-----------------------
Epoch: 001, Train Loss: 0.0364, Train MAE: 0.4050 
Epoch: 001, Valid Loss: 0.0323, Valid MAE: 0.3614
###Update tasks appear###
Updating! Valid Loss:0.0323, epoch:  1
Epoch: 002, Training Time: 198.7143 secs
Epoch: 002, Validation Time: 6.5401 secs
-----------------------
Epoch: 002, Train Loss: 0.0333, Train MAE: 0.3740 
Epoch: 002, Valid Loss: 0.0320, Valid MAE: 0.3590
###Update tasks appear###
Updating! Valid Loss:0.0320, epoch:  2
Epoch: 003, Training Time: 195.2151 secs
Epoch: 003, Validation Time: 6.2649 secs
-----------------------
Epoch: 003, Train Loss: 0.0317, Train MAE: 0.3556 
Epoch: 003, Valid Loss: 0.0325, Valid MAE: 0.3660
No update
Epoch: 004, Training Time: 192.5032 secs
Epoch: 004, Validation Time: 6.2251 secs
-----------------------
Epoch: 004, Train Loss: 0.0300, Train MAE: 0.3360 
Epoch: 004, Valid Loss: 0.0330, Valid MAE: 0.3731
No update
Epoch: 005, Training Time: 193.5285 secs
Epoch: 005, Validation Time: 6.2047 secs
-----------------------
Epoch: 005, Train Loss: 0.0280, Train MAE: 0.3136 
Epoch: 005, Valid Loss: 0.0341, Valid MAE: 0.3858
No update
Epoch: 006, Training Time: 193.0797 secs
Epoch: 006, Validation Time: 6.1513 secs
-----------------------
Epoch: 006, Train Loss: 0.0260, Train MAE: 0.2906 
Epoch: 006, Valid Loss: 0.0347, Valid MAE: 0.3926
No update
Epoch: 007, Training Time: 193.5599 secs
Epoch: 007, Validation Time: 6.1872 secs
-----------------------
Epoch: 007, Train Loss: 0.0243, Train MAE: 0.2705 
Epoch: 007, Valid Loss: 0.0351, Valid MAE: 0.3984
No update
Epoch: 008, Training Time: 192.9006 secs
Epoch: 008, Validation Time: 6.2494 secs
-----------------------
Epoch: 008, Train Loss: 0.0228, Train MAE: 0.2527 
Epoch: 008, Valid Loss: 0.0352, Valid MAE: 0.3988
No update
Epoch: 009, Training Time: 193.2103 secs
Epoch: 009, Validation Time: 6.1428 secs
-----------------------
Epoch: 009, Train Loss: 0.0214, Train MAE: 0.2372 
Epoch: 009, Valid Loss: 0.0354, Valid MAE: 0.4026
No update
Epoch: 010, Training Time: 194.1082 secs
Epoch: 010, Validation Time: 6.2781 secs
-----------------------
Epoch: 010, Train Loss: 0.0203, Train MAE: 0.2238 
Epoch: 010, Valid Loss: 0.0356, Valid MAE: 0.4057
No update
Epoch: 011, Training Time: 193.6616 secs
Epoch: 011, Validation Time: 6.2658 secs
-----------------------
Epoch: 011, Train Loss: 0.0192, Train MAE: 0.2117 
Epoch: 011, Valid Loss: 0.0363, Valid MAE: 0.4144
No update
Epoch: 012, Training Time: 190.9467 secs
Epoch: 012, Validation Time: 6.0711 secs
-----------------------
Epoch: 012, Train Loss: 0.0183, Train MAE: 0.2010 
Epoch: 012, Valid Loss: 0.0362, Valid MAE: 0.4127
No update
Epoch: 013, Training Time: 191.1529 secs
Epoch: 013, Validation Time: 6.1341 secs
-----------------------
Epoch: 013, Train Loss: 0.0175, Train MAE: 0.1915 
Epoch: 013, Valid Loss: 0.0365, Valid MAE: 0.4162
No update
Epoch: 014, Training Time: 192.5618 secs
Epoch: 014, Validation Time: 6.1908 secs
-----------------------
Epoch: 014, Train Loss: 0.0168, Train MAE: 0.1833 
Epoch: 014, Valid Loss: 0.0364, Valid MAE: 0.4147
No update
Epoch: 015, Training Time: 198.1357 secs
Epoch: 015, Validation Time: 6.6496 secs
-----------------------
Epoch: 015, Train Loss: 0.0162, Train MAE: 0.1762 
Epoch: 015, Valid Loss: 0.0362, Valid MAE: 0.4118
No update
Average Training Time: 193.6663 secs/epoch
Average Validation Time: 6.2570 secs
Training ends
The epoch of the best result： 2
The valid loss of the best model 0.032
On average horizons, Test MSE: 0.2637, Test MAE: 0.2822

============================================================
实验结果已记录到: ./experiment_results.log
数据集: Weather.csv, 预测长度: 336
Test MSE: 0.263671, Test MAE: 0.282206
模型: frwkv_crossbranchphasegate_adaptive, 种子: 2024
Channel: 32, Embed: none, LR: 0.0001
============================================================

Total time spent: 3015.8662
[W411 21:36:15.365384996 AllocatorConfig.cpp:28] Warning: PYTORCH_CUDA_ALLOC_CONF is deprecated, use PYTORCH_ALLOC_CONF instead (function operator())
