nohup: failed to run command '/root/clash/clash': No such file or directory
[Info] Runtime config: deterministic=True, allow_tf32=False, cudnn_benchmark=False, mixed_precision=off

Namespace(device='cuda', model_type='frwkv_crossbranchphasegate_adaptive', data_path='Weather.csv', channel=32, num_nodes=21, seq_len=96, pred_len=192, batch_size=32, learning_rate=0.0001, dropout_n=0.2, dropout=0.0, d_llm=768, d_model=512, d_ff=512, e_layer=1, d_layer=1, head=8, n_heads=8, e_layers=3, temp_patch_len=16, temp_stride=8, embed_size=8, phase_period_len=48, phase_period_list='12,24,48', phase_num_routers=8, phase_alpha_init=0.1, phase_trust_bias_init=-2.0, activation='gelu', CKA_flag=0, weight_decay=0.001, loss_mode='L1', lossfun_alpha=0.5, num_workers=4, prefetch_factor=4, train_percent=100, gpu_devices='', model_name='gpt2', epochs=30, seed=2028, es_patience=5, save='./logs/2026-04-11-20:43:02-', model_tag='kbs_adaptive_ms_weather_pl192_seed2028', embed_version='original', use_embeddings=False, save_model=False, speed_mode='strict', mixed_precision='auto', ddp_batch_size_mode='global', sync_batchnorm='auto', ddp_find_unused_parameters='auto', ddp_static_graph='auto', ddp_gradient_as_bucket_view='auto', ddp_bucket_cap_mb=100, allow_tf32='auto', cudnn_benchmark='auto', deterministic_train='auto', torch_compile=False, torch_compile_mode='default', torch_compile_backend='inductor', torch_compile_fullgraph=False)
Start training...
Epoch: 001, Training Time: 186.7417 secs
Epoch: 001, Validation Time: 6.5636 secs
-----------------------
Epoch: 001, Train Loss: 0.0418, Train MAE: 0.3566 
Epoch: 001, Valid Loss: 0.0359, Valid MAE: 0.3059
###Update tasks appear###
Updating! Valid Loss:0.0359, epoch:  1
Epoch: 002, Training Time: 184.5523 secs
Epoch: 002, Validation Time: 6.2045 secs
-----------------------
Epoch: 002, Train Loss: 0.0379, Train MAE: 0.3260 
Epoch: 002, Valid Loss: 0.0354, Valid MAE: 0.3023
###Update tasks appear###
Updating! Valid Loss:0.0354, epoch:  2
Epoch: 003, Training Time: 189.8409 secs
Epoch: 003, Validation Time: 6.5406 secs
-----------------------
Epoch: 003, Train Loss: 0.0360, Train MAE: 0.3094 
Epoch: 003, Valid Loss: 0.0365, Valid MAE: 0.3126
No update
Epoch: 004, Training Time: 190.9110 secs
Epoch: 004, Validation Time: 6.3335 secs
-----------------------
Epoch: 004, Train Loss: 0.0340, Train MAE: 0.2915 
Epoch: 004, Valid Loss: 0.0371, Valid MAE: 0.3182
No update
Epoch: 005, Training Time: 188.1576 secs
Epoch: 005, Validation Time: 6.4733 secs
-----------------------
Epoch: 005, Train Loss: 0.0317, Train MAE: 0.2714 
Epoch: 005, Valid Loss: 0.0379, Valid MAE: 0.3254
No update
Epoch: 006, Training Time: 189.6976 secs
Epoch: 006, Validation Time: 6.2480 secs
-----------------------
Epoch: 006, Train Loss: 0.0295, Train MAE: 0.2509 
Epoch: 006, Valid Loss: 0.0382, Valid MAE: 0.3291
No update
Epoch: 007, Training Time: 188.8681 secs
Epoch: 007, Validation Time: 6.2421 secs
-----------------------
Epoch: 007, Train Loss: 0.0273, Train MAE: 0.2313 
Epoch: 007, Valid Loss: 0.0394, Valid MAE: 0.3400
No update
Epoch: 008, Training Time: 187.9460 secs
Epoch: 008, Validation Time: 6.3049 secs
-----------------------
Epoch: 008, Train Loss: 0.0255, Train MAE: 0.2145 
Epoch: 008, Valid Loss: 0.0395, Valid MAE: 0.3418
No update
Epoch: 009, Training Time: 187.5317 secs
Epoch: 009, Validation Time: 6.3119 secs
-----------------------
Epoch: 009, Train Loss: 0.0239, Train MAE: 0.2001 
Epoch: 009, Valid Loss: 0.0395, Valid MAE: 0.3428
No update
Epoch: 010, Training Time: 187.2013 secs
Epoch: 010, Validation Time: 6.2936 secs
-----------------------
Epoch: 010, Train Loss: 0.0226, Train MAE: 0.1881 
Epoch: 010, Valid Loss: 0.0394, Valid MAE: 0.3416
No update
Epoch: 011, Training Time: 189.6882 secs
Epoch: 011, Validation Time: 6.2791 secs
-----------------------
Epoch: 011, Train Loss: 0.0215, Train MAE: 0.1782 
Epoch: 011, Valid Loss: 0.0399, Valid MAE: 0.3460
No update
Epoch: 012, Training Time: 187.0237 secs
Epoch: 012, Validation Time: 6.1672 secs
-----------------------
Epoch: 012, Train Loss: 0.0205, Train MAE: 0.1695 
Epoch: 012, Valid Loss: 0.0400, Valid MAE: 0.3467
No update
Epoch: 013, Training Time: 186.8203 secs
Epoch: 013, Validation Time: 6.2807 secs
-----------------------
Epoch: 013, Train Loss: 0.0197, Train MAE: 0.1621 
Epoch: 013, Valid Loss: 0.0401, Valid MAE: 0.3478
No update
Epoch: 014, Training Time: 186.2257 secs
Epoch: 014, Validation Time: 6.2978 secs
-----------------------
Epoch: 014, Train Loss: 0.0189, Train MAE: 0.1556 
Epoch: 014, Valid Loss: 0.0402, Valid MAE: 0.3485
No update
Epoch: 015, Training Time: 187.3811 secs
Epoch: 015, Validation Time: 6.2045 secs
-----------------------
Epoch: 015, Train Loss: 0.0183, Train MAE: 0.1501 
Epoch: 015, Valid Loss: 0.0399, Valid MAE: 0.3451
No update
Average Training Time: 187.9058 secs/epoch
Average Validation Time: 6.3164 secs
Training ends
The epoch of the best result： 2
The valid loss of the best model 0.0354
On average horizons, Test MSE: 0.2050, Test MAE: 0.2384

============================================================
实验结果已记录到: ./experiment_results.log
数据集: Weather.csv, 预测长度: 192
Test MSE: 0.205043, Test MAE: 0.238439
模型: frwkv_crossbranchphasegate_adaptive, 种子: 2028
Channel: 32, Embed: none, LR: 0.0001
============================================================

Total time spent: 2930.4480
[W411 21:31:53.124718868 AllocatorConfig.cpp:28] Warning: PYTORCH_CUDA_ALLOC_CONF is deprecated, use PYTORCH_ALLOC_CONF instead (function operator())
