nohup: failed to run command '/root/clash/clash': No such file or directory

Namespace(device='cuda', model_type='frwkv_crossbranchphasegate_adaptive', data_path='ETTh1', channel=32, num_nodes=7, seq_len=96, pred_len=96, batch_size=32, learning_rate=0.0001, dropout_n=0.2, dropout=0.2, d_llm=768, d_model=512, d_ff=512, e_layer=1, d_layer=1, head=8, n_heads=8, e_layers=2, temp_patch_len=16, temp_stride=8, embed_size=8, phase_period_len=12, phase_num_routers=4, activation='gelu', CKA_flag=0, weight_decay=0.001, loss_mode='L1', lossfun_alpha=0.5, num_workers=10, model_name='gpt2', epochs=40, seed=2025, es_patience=8, save='./logs/2026-04-08-00:40:32-', model_tag='phasegate_period_sweep_etth1_pl96_pp12_seed2025', embed_version='original', use_embeddings=False, save_model=False)
Start training...
Epoch: 001, Training Time: 18.8170 secs
Epoch: 001, Validation Time: 1.7983 secs
-----------------------
Epoch: 001, Train Loss: 0.0781, Train MAE: 0.4399 
Epoch: 001, Valid Loss: 0.0931, Valid MAE: 0.5497
###Update tasks appear###
Updating! Valid Loss:0.0931, epoch:  1
Epoch: 002, Training Time: 17.9006 secs
Epoch: 002, Validation Time: 1.7717 secs
-----------------------
Epoch: 002, Train Loss: 0.0733, Train MAE: 0.4157 
Epoch: 002, Valid Loss: 0.0935, Valid MAE: 0.5510
No update
Epoch: 003, Training Time: 18.2592 secs
Epoch: 003, Validation Time: 1.8598 secs
-----------------------
Epoch: 003, Train Loss: 0.0714, Train MAE: 0.4060 
Epoch: 003, Valid Loss: 0.0925, Valid MAE: 0.5458
###Update tasks appear###
Updating! Valid Loss:0.0925, epoch:  3
Epoch: 004, Training Time: 18.2763 secs
Epoch: 004, Validation Time: 1.7576 secs
-----------------------
Epoch: 004, Train Loss: 0.0698, Train MAE: 0.3976 
Epoch: 004, Valid Loss: 0.0928, Valid MAE: 0.5482
No update
Epoch: 005, Training Time: 18.2455 secs
Epoch: 005, Validation Time: 1.8052 secs
-----------------------
Epoch: 005, Train Loss: 0.0682, Train MAE: 0.3887 
Epoch: 005, Valid Loss: 0.0930, Valid MAE: 0.5488
No update
Epoch: 006, Training Time: 17.8371 secs
Epoch: 006, Validation Time: 1.8147 secs
-----------------------
Epoch: 006, Train Loss: 0.0666, Train MAE: 0.3799 
Epoch: 006, Valid Loss: 0.0931, Valid MAE: 0.5502
No update
Epoch: 007, Training Time: 17.7506 secs
Epoch: 007, Validation Time: 1.9403 secs
-----------------------
Epoch: 007, Train Loss: 0.0652, Train MAE: 0.3715 
Epoch: 007, Valid Loss: 0.0939, Valid MAE: 0.5564
No update
Epoch: 008, Training Time: 17.7941 secs
Epoch: 008, Validation Time: 1.8951 secs
-----------------------
Epoch: 008, Train Loss: 0.0636, Train MAE: 0.3628 
Epoch: 008, Valid Loss: 0.0945, Valid MAE: 0.5585
No update
Epoch: 009, Training Time: 17.9187 secs
Epoch: 009, Validation Time: 1.7686 secs
-----------------------
Epoch: 009, Train Loss: 0.0621, Train MAE: 0.3550 
Epoch: 009, Valid Loss: 0.0949, Valid MAE: 0.5612
No update
Epoch: 010, Training Time: 18.0631 secs
Epoch: 010, Validation Time: 1.7683 secs
-----------------------
Epoch: 010, Train Loss: 0.0607, Train MAE: 0.3474 
Epoch: 010, Valid Loss: 0.0952, Valid MAE: 0.5616
No update
Epoch: 011, Training Time: 18.2107 secs
Epoch: 011, Validation Time: 1.8678 secs
-----------------------
Epoch: 011, Train Loss: 0.0595, Train MAE: 0.3409 
Epoch: 011, Valid Loss: 0.0953, Valid MAE: 0.5631
No update
Epoch: 012, Training Time: 18.2511 secs
Epoch: 012, Validation Time: 1.7662 secs
-----------------------
Epoch: 012, Train Loss: 0.0583, Train MAE: 0.3342 
Epoch: 012, Valid Loss: 0.0948, Valid MAE: 0.5594
No update
Epoch: 013, Training Time: 18.0159 secs
Epoch: 013, Validation Time: 1.8365 secs
-----------------------
Epoch: 013, Train Loss: 0.0572, Train MAE: 0.3285 
Epoch: 013, Valid Loss: 0.0958, Valid MAE: 0.5652
No update
Epoch: 014, Training Time: 17.8376 secs
Epoch: 014, Validation Time: 1.8581 secs
-----------------------
Epoch: 014, Train Loss: 0.0562, Train MAE: 0.3228 
Epoch: 014, Valid Loss: 0.0962, Valid MAE: 0.5674
No update
Epoch: 015, Training Time: 17.9085 secs
Epoch: 015, Validation Time: 1.8241 secs
-----------------------
Epoch: 015, Train Loss: 0.0551, Train MAE: 0.3173 
Epoch: 015, Valid Loss: 0.0956, Valid MAE: 0.5647
No update
Epoch: 016, Training Time: 18.0745 secs
Epoch: 016, Validation Time: 1.8334 secs
-----------------------
Epoch: 016, Train Loss: 0.0543, Train MAE: 0.3126 
Epoch: 016, Valid Loss: 0.0964, Valid MAE: 0.5688
No update
Epoch: 017, Training Time: 17.7677 secs
Epoch: 017, Validation Time: 1.8514 secs
-----------------------
Epoch: 017, Train Loss: 0.0534, Train MAE: 0.3078 
Epoch: 017, Valid Loss: 0.0966, Valid MAE: 0.5685
No update
Epoch: 018, Training Time: 18.4480 secs
Epoch: 018, Validation Time: 1.9367 secs
-----------------------
Epoch: 018, Train Loss: 0.0527, Train MAE: 0.3037 
Epoch: 018, Valid Loss: 0.0967, Valid MAE: 0.5697
No update
Epoch: 019, Training Time: 18.3180 secs
Epoch: 019, Validation Time: 2.1004 secs
-----------------------
Epoch: 019, Train Loss: 0.0519, Train MAE: 0.2997 
Epoch: 019, Valid Loss: 0.0967, Valid MAE: 0.5698
No update
Epoch: 020, Training Time: 18.6163 secs
Epoch: 020, Validation Time: 1.9453 secs
-----------------------
Epoch: 020, Train Loss: 0.0513, Train MAE: 0.2961 
Epoch: 020, Valid Loss: 0.0971, Valid MAE: 0.5711
No update
Average Training Time: 18.1155 secs/epoch
Average Validation Time: 1.8500 secs
Training ends
The epoch of the best result： 3
The valid loss of the best model 0.0925
On average horizons, Test MSE: 0.3708, Test MAE: 0.3885

============================================================
实验结果已记录到: ./experiment_results.log
数据集: ETTh1, 预测长度: 96
Test MSE: 0.370847, Test MAE: 0.388467
模型: frwkv_crossbranchphasegate_adaptive, 种子: 2025
Channel: 32, Embed: none, LR: 0.0001
============================================================

Total time spent: 404.4535
[W408 00:47:17.225365419 AllocatorConfig.cpp:28] Warning: PYTORCH_CUDA_ALLOC_CONF is deprecated, use PYTORCH_ALLOC_CONF instead (function operator())
